Archive member included to satisfy reference by file (symbol)

c:/program files (x86)/gnu arm embedded toolchain/10 2021.10/bin/../lib/gcc/arm-none-eabi/10.3.1/thumb/v6-m/nofp\libgcc.a(_udivsi3.o)
                              build/system_stm32f0xx.o (__aeabi_uidiv)
c:/program files (x86)/gnu arm embedded toolchain/10 2021.10/bin/../lib/gcc/arm-none-eabi/10.3.1/thumb/v6-m/nofp\libgcc.a(_dvmd_tls.o)
                              c:/program files (x86)/gnu arm embedded toolchain/10 2021.10/bin/../lib/gcc/arm-none-eabi/10.3.1/thumb/v6-m/nofp\libgcc.a(_udivsi3.o) (__aeabi_idiv0)
c:/program files (x86)/gnu arm embedded toolchain/10 2021.10/bin/../lib/gcc/arm-none-eabi/10.3.1/../../../../arm-none-eabi/lib/thumb/v6-m/nofp\libc_nano.a(lib_a-exit.o)
                              c:/program files (x86)/gnu arm embedded toolchain/10 2021.10/bin/../lib/gcc/arm-none-eabi/10.3.1/../../../../arm-none-eabi/lib/thumb/v6-m/nofp/crt0.o (exit)
c:/program files (x86)/gnu arm embedded toolchain/10 2021.10/bin/../lib/gcc/arm-none-eabi/10.3.1/../../../../arm-none-eabi/lib/thumb/v6-m/nofp\libc_nano.a(lib_a-impure.o)
                              c:/program files (x86)/gnu arm embedded toolchain/10 2021.10/bin/../lib/gcc/arm-none-eabi/10.3.1/../../../../arm-none-eabi/lib/thumb/v6-m/nofp\libc_nano.a(lib_a-exit.o) (_global_impure_ptr)
c:/program files (x86)/gnu arm embedded toolchain/10 2021.10/bin/../lib/gcc/arm-none-eabi/10.3.1/../../../../arm-none-eabi/lib/thumb/v6-m/nofp\libc_nano.a(lib_a-init.o)
                              c:/program files (x86)/gnu arm embedded toolchain/10 2021.10/bin/../lib/gcc/arm-none-eabi/10.3.1/../../../../arm-none-eabi/lib/thumb/v6-m/nofp/crt0.o (__libc_init_array)
c:/program files (x86)/gnu arm embedded toolchain/10 2021.10/bin/../lib/gcc/arm-none-eabi/10.3.1/../../../../arm-none-eabi/lib/thumb/v6-m/nofp\libc_nano.a(lib_a-memset.o)
                              c:/program files (x86)/gnu arm embedded toolchain/10 2021.10/bin/../lib/gcc/arm-none-eabi/10.3.1/../../../../arm-none-eabi/lib/thumb/v6-m/nofp/crt0.o (memset)

Discarded input sections

 .text          0x00000000        0x0 c:/program files (x86)/gnu arm embedded toolchain/10 2021.10/bin/../lib/gcc/arm-none-eabi/10.3.1/thumb/v6-m/nofp/crti.o
 .data          0x00000000        0x0 c:/program files (x86)/gnu arm embedded toolchain/10 2021.10/bin/../lib/gcc/arm-none-eabi/10.3.1/thumb/v6-m/nofp/crti.o
 .bss           0x00000000        0x0 c:/program files (x86)/gnu arm embedded toolchain/10 2021.10/bin/../lib/gcc/arm-none-eabi/10.3.1/thumb/v6-m/nofp/crti.o
 .data          0x00000000        0x4 c:/program files (x86)/gnu arm embedded toolchain/10 2021.10/bin/../lib/gcc/arm-none-eabi/10.3.1/thumb/v6-m/nofp/crtbegin.o
 .rodata        0x00000000       0x24 c:/program files (x86)/gnu arm embedded toolchain/10 2021.10/bin/../lib/gcc/arm-none-eabi/10.3.1/thumb/v6-m/nofp/crtbegin.o
 .text          0x00000000       0x80 c:/program files (x86)/gnu arm embedded toolchain/10 2021.10/bin/../lib/gcc/arm-none-eabi/10.3.1/../../../../arm-none-eabi/lib/thumb/v6-m/nofp/crt0.o
 .data          0x00000000        0x0 c:/program files (x86)/gnu arm embedded toolchain/10 2021.10/bin/../lib/gcc/arm-none-eabi/10.3.1/../../../../arm-none-eabi/lib/thumb/v6-m/nofp/crt0.o
 .bss           0x00000000        0x0 c:/program files (x86)/gnu arm embedded toolchain/10 2021.10/bin/../lib/gcc/arm-none-eabi/10.3.1/../../../../arm-none-eabi/lib/thumb/v6-m/nofp/crt0.o
 .ARM.extab     0x00000000        0x0 c:/program files (x86)/gnu arm embedded toolchain/10 2021.10/bin/../lib/gcc/arm-none-eabi/10.3.1/../../../../arm-none-eabi/lib/thumb/v6-m/nofp/crt0.o
 .ARM.exidx     0x00000000       0x10 c:/program files (x86)/gnu arm embedded toolchain/10 2021.10/bin/../lib/gcc/arm-none-eabi/10.3.1/../../../../arm-none-eabi/lib/thumb/v6-m/nofp/crt0.o
 .ARM.attributes
                0x00000000       0x1b c:/program files (x86)/gnu arm embedded toolchain/10 2021.10/bin/../lib/gcc/arm-none-eabi/10.3.1/../../../../arm-none-eabi/lib/thumb/v6-m/nofp/crt0.o
 .text          0x00000000        0x0 build/main.o
 .data          0x00000000        0x0 build/main.o
 .bss           0x00000000        0x0 build/main.o
 .text          0x00000000        0x0 build/oled_sh1106.o
 .data          0x00000000        0x0 build/oled_sh1106.o
 .bss           0x00000000        0x0 build/oled_sh1106.o
 .text.OLED_DrawFillRect
                0x00000000       0x32 build/oled_sh1106.o
 .text          0x00000000        0x0 build/stm32f0xx_it.o
 .data          0x00000000        0x0 build/stm32f0xx_it.o
 .bss           0x00000000        0x0 build/stm32f0xx_it.o
 .text          0x00000000        0x0 build/stm32f0xx_hal_msp.o
 .data          0x00000000        0x0 build/stm32f0xx_hal_msp.o
 .bss           0x00000000        0x0 build/stm32f0xx_hal_msp.o
 .text          0x00000000        0x0 build/system_stm32f0xx.o
 .data          0x00000000        0x0 build/system_stm32f0xx.o
 .bss           0x00000000        0x0 build/system_stm32f0xx.o
 .text.SystemCoreClockUpdate
                0x00000000       0x90 build/system_stm32f0xx.o
 .rodata.APBPrescTable
                0x00000000        0x8 build/system_stm32f0xx.o
 .text          0x00000000        0x0 build/stm32f0xx_hal.o
 .data          0x00000000        0x0 build/stm32f0xx_hal.o
 .bss           0x00000000        0x0 build/stm32f0xx_hal.o
 .text.HAL_MspInit
                0x00000000        0x2 build/stm32f0xx_hal.o
 .text.HAL_MspDeInit
                0x00000000        0x2 build/stm32f0xx_hal.o
 .text.HAL_DeInit
                0x00000000       0x24 build/stm32f0xx_hal.o
 .text.HAL_GetTickPrio
                0x00000000        0xc build/stm32f0xx_hal.o
 .text.HAL_SetTickFreq
                0x00000000       0x2c build/stm32f0xx_hal.o
 .text.HAL_GetTickFreq
                0x00000000        0xc build/stm32f0xx_hal.o
 .text.HAL_SuspendTick
                0x00000000       0x10 build/stm32f0xx_hal.o
 .text.HAL_ResumeTick
                0x00000000       0x10 build/stm32f0xx_hal.o
 .text.HAL_GetHalVersion
                0x00000000        0x8 build/stm32f0xx_hal.o
 .text.HAL_GetREVID
                0x00000000        0xc build/stm32f0xx_hal.o
 .text.HAL_GetDEVID
                0x00000000       0x10 build/stm32f0xx_hal.o
 .text.HAL_GetUIDw0
                0x00000000        0xc build/stm32f0xx_hal.o
 .text.HAL_GetUIDw1
                0x00000000        0xc build/stm32f0xx_hal.o
 .text.HAL_GetUIDw2
                0x00000000        0xc build/stm32f0xx_hal.o
 .text.HAL_DBGMCU_EnableDBGStopMode
                0x00000000       0x10 build/stm32f0xx_hal.o
 .text.HAL_DBGMCU_DisableDBGStopMode
                0x00000000       0x10 build/stm32f0xx_hal.o
 .text.HAL_DBGMCU_EnableDBGStandbyMode
                0x00000000       0x10 build/stm32f0xx_hal.o
 .text.HAL_DBGMCU_DisableDBGStandbyMode
                0x00000000       0x10 build/stm32f0xx_hal.o
 .text          0x00000000        0x0 build/stm32f0xx_hal_rcc.o
 .data          0x00000000        0x0 build/stm32f0xx_hal_rcc.o
 .bss           0x00000000        0x0 build/stm32f0xx_hal_rcc.o
 .text.HAL_RCC_DeInit
                0x00000000       0xcc build/stm32f0xx_hal_rcc.o
 .text.HAL_RCC_MCOConfig
                0x00000000       0x54 build/stm32f0xx_hal_rcc.o
 .text.HAL_RCC_EnableCSS
                0x00000000       0x14 build/stm32f0xx_hal_rcc.o
 .text.HAL_RCC_DisableCSS
                0x00000000       0x14 build/stm32f0xx_hal_rcc.o
 .text.HAL_RCC_GetHCLKFreq
                0x00000000        0xc build/stm32f0xx_hal_rcc.o
 .text.HAL_RCC_GetPCLK1Freq
                0x00000000       0x20 build/stm32f0xx_hal_rcc.o
 .text.HAL_RCC_GetOscConfig
                0x00000000       0xc4 build/stm32f0xx_hal_rcc.o
 .text.HAL_RCC_GetClockConfig
                0x00000000       0x38 build/stm32f0xx_hal_rcc.o
 .text.HAL_RCC_CSSCallback
                0x00000000        0x2 build/stm32f0xx_hal_rcc.o
 .text.HAL_RCC_NMI_IRQHandler
                0x00000000       0x20 build/stm32f0xx_hal_rcc.o
 .text          0x00000000        0x0 build/stm32f0xx_hal_rcc_ex.o
 .data          0x00000000        0x0 build/stm32f0xx_hal_rcc_ex.o
 .bss           0x00000000        0x0 build/stm32f0xx_hal_rcc_ex.o
 .text.HAL_RCCEx_PeriphCLKConfig
                0x00000000      0x11c build/stm32f0xx_hal_rcc_ex.o
 .text.HAL_RCCEx_GetPeriphCLKConfig
                0x00000000       0x2c build/stm32f0xx_hal_rcc_ex.o
 .text.HAL_RCCEx_GetPeriphCLKFreq
                0x00000000       0xe8 build/stm32f0xx_hal_rcc_ex.o
 .debug_info    0x00000000      0x41c build/stm32f0xx_hal_rcc_ex.o
 .debug_abbrev  0x00000000      0x1ab build/stm32f0xx_hal_rcc_ex.o
 .debug_loc     0x00000000      0x3e3 build/stm32f0xx_hal_rcc_ex.o
 .debug_aranges
                0x00000000       0x30 build/stm32f0xx_hal_rcc_ex.o
 .debug_ranges  0x00000000       0x38 build/stm32f0xx_hal_rcc_ex.o
 .debug_line    0x00000000      0x48d build/stm32f0xx_hal_rcc_ex.o
 .debug_str     0x00000000      0x39e build/stm32f0xx_hal_rcc_ex.o
 .comment       0x00000000       0x4a build/stm32f0xx_hal_rcc_ex.o
 .debug_frame   0x00000000       0x58 build/stm32f0xx_hal_rcc_ex.o
 .ARM.attributes
                0x00000000       0x2c build/stm32f0xx_hal_rcc_ex.o
 .text          0x00000000        0x0 build/stm32f0xx_hal_gpio.o
 .data          0x00000000        0x0 build/stm32f0xx_hal_gpio.o
 .bss           0x00000000        0x0 build/stm32f0xx_hal_gpio.o
 .text.HAL_GPIO_DeInit
                0x00000000       0xf4 build/stm32f0xx_hal_gpio.o
 .text.HAL_GPIO_TogglePin
                0x00000000       0x10 build/stm32f0xx_hal_gpio.o
 .text.HAL_GPIO_LockPin
                0x00000000       0x2c build/stm32f0xx_hal_gpio.o
 .text.HAL_GPIO_EXTI_Callback
                0x00000000        0x2 build/stm32f0xx_hal_gpio.o
 .text.HAL_GPIO_EXTI_IRQHandler
                0x00000000       0x1c build/stm32f0xx_hal_gpio.o
 .text          0x00000000        0x0 build/stm32f0xx_hal_dma.o
 .data          0x00000000        0x0 build/stm32f0xx_hal_dma.o
 .bss           0x00000000        0x0 build/stm32f0xx_hal_dma.o
 .text.DMA_SetConfig
                0x00000000       0x2a build/stm32f0xx_hal_dma.o
 .text.DMA_CalcBaseAndBitshift
                0x00000000       0x24 build/stm32f0xx_hal_dma.o
 .text.HAL_DMA_Init
                0x00000000       0x50 build/stm32f0xx_hal_dma.o
 .text.HAL_DMA_DeInit
                0x00000000       0x48 build/stm32f0xx_hal_dma.o
 .text.HAL_DMA_Start
                0x00000000       0x4e build/stm32f0xx_hal_dma.o
 .text.HAL_DMA_Start_IT
                0x00000000       0x76 build/stm32f0xx_hal_dma.o
 .text.HAL_DMA_Abort
                0x00000000       0x44 build/stm32f0xx_hal_dma.o
 .text.HAL_DMA_Abort_IT
                0x00000000       0x4a build/stm32f0xx_hal_dma.o
 .text.HAL_DMA_PollForTransfer
                0x00000000       0xc4 build/stm32f0xx_hal_dma.o
 .text.HAL_DMA_IRQHandler
                0x00000000       0xaa build/stm32f0xx_hal_dma.o
 .text.HAL_DMA_RegisterCallback
                0x00000000       0x54 build/stm32f0xx_hal_dma.o
 .text.HAL_DMA_UnRegisterCallback
                0x00000000       0x68 build/stm32f0xx_hal_dma.o
 .rodata.HAL_DMA_UnRegisterCallback
                0x00000000       0x14 build/stm32f0xx_hal_dma.o
 .text.HAL_DMA_GetState
                0x00000000        0x8 build/stm32f0xx_hal_dma.o
 .text.HAL_DMA_GetError
                0x00000000        0x4 build/stm32f0xx_hal_dma.o
 .debug_info    0x00000000      0x91b build/stm32f0xx_hal_dma.o
 .debug_abbrev  0x00000000      0x212 build/stm32f0xx_hal_dma.o
 .debug_loc     0x00000000      0xa87 build/stm32f0xx_hal_dma.o
 .debug_aranges
                0x00000000       0x88 build/stm32f0xx_hal_dma.o
 .debug_ranges  0x00000000       0x78 build/stm32f0xx_hal_dma.o
 .debug_line    0x00000000      0xa01 build/stm32f0xx_hal_dma.o
 .debug_str     0x00000000      0x609 build/stm32f0xx_hal_dma.o
 .comment       0x00000000       0x4a build/stm32f0xx_hal_dma.o
 .debug_frame   0x00000000      0x168 build/stm32f0xx_hal_dma.o
 .ARM.attributes
                0x00000000       0x2c build/stm32f0xx_hal_dma.o
 .text          0x00000000        0x0 build/stm32f0xx_hal_cortex.o
 .data          0x00000000        0x0 build/stm32f0xx_hal_cortex.o
 .bss           0x00000000        0x0 build/stm32f0xx_hal_cortex.o
 .text.HAL_NVIC_EnableIRQ
                0x00000000       0x18 build/stm32f0xx_hal_cortex.o
 .text.HAL_NVIC_DisableIRQ
                0x00000000       0x20 build/stm32f0xx_hal_cortex.o
 .text.HAL_NVIC_SystemReset
                0x00000000       0x1c build/stm32f0xx_hal_cortex.o
 .text.HAL_NVIC_GetPriority
                0x00000000       0x4c build/stm32f0xx_hal_cortex.o
 .text.HAL_NVIC_SetPendingIRQ
                0x00000000       0x1c build/stm32f0xx_hal_cortex.o
 .text.HAL_NVIC_GetPendingIRQ
                0x00000000       0x20 build/stm32f0xx_hal_cortex.o
 .text.HAL_NVIC_ClearPendingIRQ
                0x00000000       0x1c build/stm32f0xx_hal_cortex.o
 .text.HAL_SYSTICK_CLKSourceConfig
                0x00000000       0x20 build/stm32f0xx_hal_cortex.o
 .text.HAL_SYSTICK_Callback
                0x00000000        0x2 build/stm32f0xx_hal_cortex.o
 .text.HAL_SYSTICK_IRQHandler
                0x00000000        0x8 build/stm32f0xx_hal_cortex.o
 .text          0x00000000        0x0 build/stm32f0xx_hal_pwr.o
 .data          0x00000000        0x0 build/stm32f0xx_hal_pwr.o
 .bss           0x00000000        0x0 build/stm32f0xx_hal_pwr.o
 .text.HAL_PWR_DeInit
                0x00000000       0x20 build/stm32f0xx_hal_pwr.o
 .text.HAL_PWR_EnableBkUpAccess
                0x00000000       0x14 build/stm32f0xx_hal_pwr.o
 .text.HAL_PWR_DisableBkUpAccess
                0x00000000       0x14 build/stm32f0xx_hal_pwr.o
 .text.HAL_PWR_EnableWakeUpPin
                0x00000000       0x10 build/stm32f0xx_hal_pwr.o
 .text.HAL_PWR_DisableWakeUpPin
                0x00000000       0x10 build/stm32f0xx_hal_pwr.o
 .text.HAL_PWR_EnterSLEEPMode
                0x00000000       0x20 build/stm32f0xx_hal_pwr.o
 .text.HAL_PWR_EnterSTOPMode
                0x00000000       0x3c build/stm32f0xx_hal_pwr.o
 .text.HAL_PWR_EnterSTANDBYMode
                0x00000000       0x20 build/stm32f0xx_hal_pwr.o
 .text.HAL_PWR_EnableSleepOnExit
                0x00000000       0x10 build/stm32f0xx_hal_pwr.o
 .text.HAL_PWR_DisableSleepOnExit
                0x00000000       0x10 build/stm32f0xx_hal_pwr.o
 .text.HAL_PWR_EnableSEVOnPend
                0x00000000       0x10 build/stm32f0xx_hal_pwr.o
 .text.HAL_PWR_DisableSEVOnPend
                0x00000000       0x10 build/stm32f0xx_hal_pwr.o
 .debug_info    0x00000000      0x43f build/stm32f0xx_hal_pwr.o
 .debug_abbrev  0x00000000      0x16d build/stm32f0xx_hal_pwr.o
 .debug_loc     0x00000000       0xd0 build/stm32f0xx_hal_pwr.o
 .debug_aranges
                0x00000000       0x78 build/stm32f0xx_hal_pwr.o
 .debug_ranges  0x00000000       0x68 build/stm32f0xx_hal_pwr.o
 .debug_line    0x00000000      0x32b build/stm32f0xx_hal_pwr.o
 .debug_str     0x00000000      0x392 build/stm32f0xx_hal_pwr.o
 .comment       0x00000000       0x4a build/stm32f0xx_hal_pwr.o
 .debug_frame   0x00000000       0xd8 build/stm32f0xx_hal_pwr.o
 .ARM.attributes
                0x00000000       0x2c build/stm32f0xx_hal_pwr.o
 .text          0x00000000        0x0 build/stm32f0xx_hal_pwr_ex.o
 .data          0x00000000        0x0 build/stm32f0xx_hal_pwr_ex.o
 .bss           0x00000000        0x0 build/stm32f0xx_hal_pwr_ex.o
 .debug_info    0x00000000       0x6b build/stm32f0xx_hal_pwr_ex.o
 .debug_abbrev  0x00000000       0x26 build/stm32f0xx_hal_pwr_ex.o
 .debug_aranges
                0x00000000       0x18 build/stm32f0xx_hal_pwr_ex.o
 .debug_line    0x00000000       0x1d build/stm32f0xx_hal_pwr_ex.o
 .debug_str     0x00000000      0x18c build/stm32f0xx_hal_pwr_ex.o
 .comment       0x00000000       0x4a build/stm32f0xx_hal_pwr_ex.o
 .ARM.attributes
                0x00000000       0x2c build/stm32f0xx_hal_pwr_ex.o
 .text          0x00000000        0x0 build/stm32f0xx_hal_flash.o
 .data          0x00000000        0x0 build/stm32f0xx_hal_flash.o
 .bss           0x00000000        0x0 build/stm32f0xx_hal_flash.o
 .text.FLASH_Program_HalfWord
                0x00000000       0x20 build/stm32f0xx_hal_flash.o
 .text.FLASH_SetErrorCode
                0x00000000       0x40 build/stm32f0xx_hal_flash.o
 .text.HAL_FLASH_Program_IT
                0x00000000       0x68 build/stm32f0xx_hal_flash.o
 .text.HAL_FLASH_EndOfOperationCallback
                0x00000000        0x2 build/stm32f0xx_hal_flash.o
 .text.HAL_FLASH_OperationErrorCallback
                0x00000000        0x2 build/stm32f0xx_hal_flash.o
 .text.HAL_FLASH_IRQHandler
                0x00000000      0x154 build/stm32f0xx_hal_flash.o
 .text.HAL_FLASH_Unlock
                0x00000000       0x30 build/stm32f0xx_hal_flash.o
 .text.HAL_FLASH_Lock
                0x00000000       0x14 build/stm32f0xx_hal_flash.o
 .text.HAL_FLASH_OB_Unlock
                0x00000000       0x28 build/stm32f0xx_hal_flash.o
 .text.HAL_FLASH_OB_Lock
                0x00000000       0x18 build/stm32f0xx_hal_flash.o
 .text.HAL_FLASH_GetError
                0x00000000        0xc build/stm32f0xx_hal_flash.o
 .text.FLASH_WaitForLastOperation
                0x00000000       0x58 build/stm32f0xx_hal_flash.o
 .text.HAL_FLASH_Program
                0x00000000       0xa8 build/stm32f0xx_hal_flash.o
 .text.HAL_FLASH_OB_Launch
                0x00000000       0x20 build/stm32f0xx_hal_flash.o
 .bss.pFlash    0x00000000       0x20 build/stm32f0xx_hal_flash.o
 .debug_info    0x00000000      0x6c9 build/stm32f0xx_hal_flash.o
 .debug_abbrev  0x00000000      0x256 build/stm32f0xx_hal_flash.o
 .debug_loc     0x00000000      0x44f build/stm32f0xx_hal_flash.o
 .debug_aranges
                0x00000000       0x88 build/stm32f0xx_hal_flash.o
 .debug_ranges  0x00000000       0x78 build/stm32f0xx_hal_flash.o
 .debug_line    0x00000000      0x6e3 build/stm32f0xx_hal_flash.o
 .debug_str     0x00000000      0x500 build/stm32f0xx_hal_flash.o
 .comment       0x00000000       0x4a build/stm32f0xx_hal_flash.o
 .debug_frame   0x00000000      0x144 build/stm32f0xx_hal_flash.o
 .ARM.attributes
                0x00000000       0x2c build/stm32f0xx_hal_flash.o
 .text          0x00000000        0x0 build/stm32f0xx_hal_flash_ex.o
 .data          0x00000000        0x0 build/stm32f0xx_hal_flash_ex.o
 .bss           0x00000000        0x0 build/stm32f0xx_hal_flash_ex.o
 .text.FLASH_MassErase
                0x00000000       0x24 build/stm32f0xx_hal_flash_ex.o
 .text.FLASH_OB_GetWRP
                0x00000000        0xc build/stm32f0xx_hal_flash_ex.o
 .text.FLASH_OB_GetRDP
                0x00000000       0x20 build/stm32f0xx_hal_flash_ex.o
 .text.FLASH_OB_GetUser
                0x00000000       0x10 build/stm32f0xx_hal_flash_ex.o
 .text.FLASH_OB_RDP_LevelConfig
                0x00000000       0x64 build/stm32f0xx_hal_flash_ex.o
 .text.FLASH_OB_UserConfig
                0x00000000       0x48 build/stm32f0xx_hal_flash_ex.o
 .text.FLASH_OB_ProgramData
                0x00000000       0x40 build/stm32f0xx_hal_flash_ex.o
 .text.HAL_FLASHEx_OBErase
                0x00000000       0x50 build/stm32f0xx_hal_flash_ex.o
 .text.FLASH_OB_EnableWRP
                0x00000000       0x64 build/stm32f0xx_hal_flash_ex.o
 .text.FLASH_OB_DisableWRP
                0x00000000       0x64 build/stm32f0xx_hal_flash_ex.o
 .text.HAL_FLASHEx_OBProgram
                0x00000000       0x94 build/stm32f0xx_hal_flash_ex.o
 .text.HAL_FLASHEx_OBGetConfig
                0x00000000       0x1c build/stm32f0xx_hal_flash_ex.o
 .text.HAL_FLASHEx_OBGetUserData
                0x00000000       0x24 build/stm32f0xx_hal_flash_ex.o
 .text.FLASH_PageErase
                0x00000000       0x24 build/stm32f0xx_hal_flash_ex.o
 .text.HAL_FLASHEx_Erase
                0x00000000       0xa4 build/stm32f0xx_hal_flash_ex.o
 .text.HAL_FLASHEx_Erase_IT
                0x00000000       0x5c build/stm32f0xx_hal_flash_ex.o
 .debug_info    0x00000000      0x9fe build/stm32f0xx_hal_flash_ex.o
 .debug_abbrev  0x00000000      0x25c build/stm32f0xx_hal_flash_ex.o
 .debug_loc     0x00000000      0x825 build/stm32f0xx_hal_flash_ex.o
 .debug_aranges
                0x00000000       0x98 build/stm32f0xx_hal_flash_ex.o
 .debug_ranges  0x00000000       0x88 build/stm32f0xx_hal_flash_ex.o
 .debug_line    0x00000000      0x7d9 build/stm32f0xx_hal_flash_ex.o
 .debug_str     0x00000000      0x5ed build/stm32f0xx_hal_flash_ex.o
 .comment       0x00000000       0x4a build/stm32f0xx_hal_flash_ex.o
 .debug_frame   0x00000000      0x178 build/stm32f0xx_hal_flash_ex.o
 .ARM.attributes
                0x00000000       0x2c build/stm32f0xx_hal_flash_ex.o
 .text          0x00000000        0x0 build/stm32f0xx_hal_exti.o
 .data          0x00000000        0x0 build/stm32f0xx_hal_exti.o
 .bss           0x00000000        0x0 build/stm32f0xx_hal_exti.o
 .text.HAL_EXTI_SetConfigLine
                0x00000000       0xbc build/stm32f0xx_hal_exti.o
 .text.HAL_EXTI_GetConfigLine
                0x00000000       0xa0 build/stm32f0xx_hal_exti.o
 .text.HAL_EXTI_ClearConfigLine
                0x00000000       0x70 build/stm32f0xx_hal_exti.o
 .text.HAL_EXTI_RegisterCallback
                0x00000000        0xe build/stm32f0xx_hal_exti.o
 .text.HAL_EXTI_GetHandle
                0x00000000        0xe build/stm32f0xx_hal_exti.o
 .text.HAL_EXTI_IRQHandler
                0x00000000       0x28 build/stm32f0xx_hal_exti.o
 .text.HAL_EXTI_GetPending
                0x00000000       0x18 build/stm32f0xx_hal_exti.o
 .text.HAL_EXTI_ClearPending
                0x00000000       0x14 build/stm32f0xx_hal_exti.o
 .text.HAL_EXTI_GenerateSWI
                0x00000000       0x14 build/stm32f0xx_hal_exti.o
 .debug_info    0x00000000      0x5e5 build/stm32f0xx_hal_exti.o
 .debug_abbrev  0x00000000      0x1d1 build/stm32f0xx_hal_exti.o
 .debug_loc     0x00000000      0x53b build/stm32f0xx_hal_exti.o
 .debug_aranges
                0x00000000       0x60 build/stm32f0xx_hal_exti.o
 .debug_ranges  0x00000000       0x50 build/stm32f0xx_hal_exti.o
 .debug_line    0x00000000      0x5d1 build/stm32f0xx_hal_exti.o
 .debug_str     0x00000000      0x3b9 build/stm32f0xx_hal_exti.o
 .comment       0x00000000       0x4a build/stm32f0xx_hal_exti.o
 .debug_frame   0x00000000       0xcc build/stm32f0xx_hal_exti.o
 .ARM.attributes
                0x00000000       0x2c build/stm32f0xx_hal_exti.o
 .text          0x00000000        0x0 build/stm32f0xx_hal_i2c.o
 .data          0x00000000        0x0 build/stm32f0xx_hal_i2c.o
 .bss           0x00000000        0x0 build/stm32f0xx_hal_i2c.o
 .text.I2C_Flush_TXDR
                0x00000000       0x1e build/stm32f0xx_hal_i2c.o
 .text.I2C_TransferConfig
                0x00000000       0x30 build/stm32f0xx_hal_i2c.o
 .text.I2C_Enable_IRQ
                0x00000000       0x94 build/stm32f0xx_hal_i2c.o
 .text.I2C_Disable_IRQ
                0x00000000       0x6c build/stm32f0xx_hal_i2c.o
 .text.I2C_ConvertOtherXferOptions
                0x00000000       0x20 build/stm32f0xx_hal_i2c.o
 .text.I2C_IsErrorOccurred
                0x00000000      0x118 build/stm32f0xx_hal_i2c.o
 .text.I2C_WaitOnTXISFlagUntilTimeout
                0x00000000       0x5a build/stm32f0xx_hal_i2c.o
 .text.I2C_WaitOnFlagUntilTimeout
                0x00000000       0x8a build/stm32f0xx_hal_i2c.o
 .text.I2C_RequestMemoryWrite
                0x00000000       0x78 build/stm32f0xx_hal_i2c.o
 .text.I2C_RequestMemoryRead
                0x00000000       0x74 build/stm32f0xx_hal_i2c.o
 .text.I2C_WaitOnSTOPFlagUntilTimeout
                0x00000000       0x5a build/stm32f0xx_hal_i2c.o
 .text.I2C_WaitOnRXNEFlagUntilTimeout
                0x00000000       0xa0 build/stm32f0xx_hal_i2c.o
 .text.HAL_I2C_MspInit
                0x00000000        0x2 build/stm32f0xx_hal_i2c.o
 .text.HAL_I2C_Init
                0x00000000       0xdc build/stm32f0xx_hal_i2c.o
 .text.HAL_I2C_MspDeInit
                0x00000000        0x2 build/stm32f0xx_hal_i2c.o
 .text.HAL_I2C_DeInit
                0x00000000       0x32 build/stm32f0xx_hal_i2c.o
 .text.HAL_I2C_Master_Transmit
                0x00000000      0x198 build/stm32f0xx_hal_i2c.o
 .text.HAL_I2C_Master_Receive
                0x00000000      0x174 build/stm32f0xx_hal_i2c.o
 .text.HAL_I2C_Slave_Transmit
                0x00000000      0x20c build/stm32f0xx_hal_i2c.o
 .text.HAL_I2C_Slave_Receive
                0x00000000      0x190 build/stm32f0xx_hal_i2c.o
 .text.HAL_I2C_Master_Transmit_IT
                0x00000000       0xc4 build/stm32f0xx_hal_i2c.o
 .text.HAL_I2C_Master_Receive_IT
                0x00000000       0x94 build/stm32f0xx_hal_i2c.o
 .text.HAL_I2C_Slave_Transmit_IT
                0x00000000       0x90 build/stm32f0xx_hal_i2c.o
 .text.HAL_I2C_Slave_Receive_IT
                0x00000000       0x68 build/stm32f0xx_hal_i2c.o
 .text.HAL_I2C_Master_Transmit_DMA
                0x00000000      0x188 build/stm32f0xx_hal_i2c.o
 .text.HAL_I2C_Master_Receive_DMA
                0x00000000      0x150 build/stm32f0xx_hal_i2c.o
 .text.HAL_I2C_Slave_Transmit_DMA
                0x00000000      0x144 build/stm32f0xx_hal_i2c.o
 .text.HAL_I2C_Slave_Receive_DMA
                0x00000000       0xf8 build/stm32f0xx_hal_i2c.o
 .text.HAL_I2C_Mem_Write
                0x00000000      0x1a0 build/stm32f0xx_hal_i2c.o
 .text.HAL_I2C_Mem_Read
                0x00000000      0x1a8 build/stm32f0xx_hal_i2c.o
 .text.HAL_I2C_Mem_Write_IT
                0x00000000       0xd0 build/stm32f0xx_hal_i2c.o
 .text.HAL_I2C_Mem_Read_IT
                0x00000000       0xcc build/stm32f0xx_hal_i2c.o
 .text.HAL_I2C_Mem_Write_DMA
                0x00000000      0x158 build/stm32f0xx_hal_i2c.o
 .text.HAL_I2C_Mem_Read_DMA
                0x00000000      0x158 build/stm32f0xx_hal_i2c.o
 .text.HAL_I2C_IsDeviceReady
                0x00000000      0x15c build/stm32f0xx_hal_i2c.o
 .text.HAL_I2C_Master_Seq_Transmit_IT
                0x00000000      0x114 build/stm32f0xx_hal_i2c.o
 .text.HAL_I2C_Master_Seq_Transmit_DMA
                0x00000000      0x1e0 build/stm32f0xx_hal_i2c.o
 .text.HAL_I2C_Master_Seq_Receive_IT
                0x00000000       0xb8 build/stm32f0xx_hal_i2c.o
 .text.HAL_I2C_Master_Seq_Receive_DMA
                0x00000000      0x170 build/stm32f0xx_hal_i2c.o
 .text.HAL_I2C_Slave_Seq_Transmit_IT
                0x00000000       0xe0 build/stm32f0xx_hal_i2c.o
 .text.HAL_I2C_Slave_Seq_Transmit_DMA
                0x00000000      0x1ac build/stm32f0xx_hal_i2c.o
 .text.HAL_I2C_Slave_Seq_Receive_IT
                0x00000000       0xe4 build/stm32f0xx_hal_i2c.o
 .text.HAL_I2C_Slave_Seq_Receive_DMA
                0x00000000      0x1a8 build/stm32f0xx_hal_i2c.o
 .text.HAL_I2C_EnableListen_IT
                0x00000000       0x28 build/stm32f0xx_hal_i2c.o
 .text.HAL_I2C_DisableListen_IT
                0x00000000       0x34 build/stm32f0xx_hal_i2c.o
 .text.HAL_I2C_Master_Abort_IT
                0x00000000       0x88 build/stm32f0xx_hal_i2c.o
 .text.HAL_I2C_EV_IRQHandler
                0x00000000       0x12 build/stm32f0xx_hal_i2c.o
 .text.HAL_I2C_MasterTxCpltCallback
                0x00000000        0x2 build/stm32f0xx_hal_i2c.o
 .text.HAL_I2C_MasterRxCpltCallback
                0x00000000        0x2 build/stm32f0xx_hal_i2c.o
 .text.I2C_ITMasterSeqCplt
                0x00000000       0x52 build/stm32f0xx_hal_i2c.o
 .text.HAL_I2C_SlaveTxCpltCallback
                0x00000000        0x2 build/stm32f0xx_hal_i2c.o
 .text.HAL_I2C_SlaveRxCpltCallback
                0x00000000        0x2 build/stm32f0xx_hal_i2c.o
 .text.I2C_ITSlaveSeqCplt
                0x00000000       0x84 build/stm32f0xx_hal_i2c.o
 .text.I2C_DMASlaveTransmitCplt
                0x00000000       0x28 build/stm32f0xx_hal_i2c.o
 .text.I2C_DMASlaveReceiveCplt
                0x00000000       0x30 build/stm32f0xx_hal_i2c.o
 .text.HAL_I2C_AddrCallback
                0x00000000        0x2 build/stm32f0xx_hal_i2c.o
 .text.I2C_ITAddrCplt
                0x00000000       0xa4 build/stm32f0xx_hal_i2c.o
 .text.HAL_I2C_ListenCpltCallback
                0x00000000        0x2 build/stm32f0xx_hal_i2c.o
 .text.I2C_ITListenCplt
                0x00000000       0x68 build/stm32f0xx_hal_i2c.o
 .text.HAL_I2C_MemTxCpltCallback
                0x00000000        0x2 build/stm32f0xx_hal_i2c.o
 .text.HAL_I2C_MemRxCpltCallback
                0x00000000        0x2 build/stm32f0xx_hal_i2c.o
 .text.HAL_I2C_ErrorCallback
                0x00000000        0x2 build/stm32f0xx_hal_i2c.o
 .text.HAL_I2C_AbortCpltCallback
                0x00000000        0x2 build/stm32f0xx_hal_i2c.o
 .text.I2C_TreatErrorCallback
                0x00000000       0x2c build/stm32f0xx_hal_i2c.o
 .text.I2C_ITError
                0x00000000      0x134 build/stm32f0xx_hal_i2c.o
 .text.I2C_ITSlaveCplt
                0x00000000      0x1f8 build/stm32f0xx_hal_i2c.o
 .text.I2C_Slave_ISR_IT
                0x00000000      0x144 build/stm32f0xx_hal_i2c.o
 .text.I2C_ITMasterCplt
                0x00000000      0x118 build/stm32f0xx_hal_i2c.o
 .text.I2C_Master_ISR_IT
                0x00000000      0x19c build/stm32f0xx_hal_i2c.o
 .text.I2C_Mem_ISR_DMA
                0x00000000      0x1bc build/stm32f0xx_hal_i2c.o
 .text.I2C_Slave_ISR_DMA
                0x00000000      0x128 build/stm32f0xx_hal_i2c.o
 .text.I2C_Master_ISR_DMA
                0x00000000      0x150 build/stm32f0xx_hal_i2c.o
 .text.I2C_DMAError
                0x00000000       0x18 build/stm32f0xx_hal_i2c.o
 .text.I2C_DMAMasterTransmitCplt
                0x00000000       0x64 build/stm32f0xx_hal_i2c.o
 .text.I2C_DMAMasterReceiveCplt
                0x00000000       0x74 build/stm32f0xx_hal_i2c.o
 .text.I2C_Mem_ISR_IT
                0x00000000      0x1a8 build/stm32f0xx_hal_i2c.o
 .text.HAL_I2C_ER_IRQHandler
                0x00000000       0x5e build/stm32f0xx_hal_i2c.o
 .text.I2C_DMAAbort
                0x00000000       0x1e build/stm32f0xx_hal_i2c.o
 .text.HAL_I2C_GetState
                0x00000000        0x8 build/stm32f0xx_hal_i2c.o
 .text.HAL_I2C_GetMode
                0x00000000        0x8 build/stm32f0xx_hal_i2c.o
 .text.HAL_I2C_GetError
                0x00000000        0x4 build/stm32f0xx_hal_i2c.o
 .debug_info    0x00000000     0x462a build/stm32f0xx_hal_i2c.o
 .debug_abbrev  0x00000000      0x2c1 build/stm32f0xx_hal_i2c.o
 .debug_loc     0x00000000     0x5cf7 build/stm32f0xx_hal_i2c.o
 .debug_aranges
                0x00000000      0x2a0 build/stm32f0xx_hal_i2c.o
 .debug_ranges  0x00000000      0x290 build/stm32f0xx_hal_i2c.o
 .debug_line    0x00000000     0x52be build/stm32f0xx_hal_i2c.o
 .debug_str     0x00000000      0xfb2 build/stm32f0xx_hal_i2c.o
 .comment       0x00000000       0x4a build/stm32f0xx_hal_i2c.o
 .debug_frame   0x00000000      0x8b4 build/stm32f0xx_hal_i2c.o
 .ARM.attributes
                0x00000000       0x2c build/stm32f0xx_hal_i2c.o
 .text          0x00000000        0x0 build/stm32f0xx_hal_i2c_ex.o
 .data          0x00000000        0x0 build/stm32f0xx_hal_i2c_ex.o
 .bss           0x00000000        0x0 build/stm32f0xx_hal_i2c_ex.o
 .text.HAL_I2CEx_ConfigAnalogFilter
                0x00000000       0x58 build/stm32f0xx_hal_i2c_ex.o
 .text.HAL_I2CEx_ConfigDigitalFilter
                0x00000000       0x54 build/stm32f0xx_hal_i2c_ex.o
 .text.HAL_I2CEx_EnableFastModePlus
                0x00000000       0x28 build/stm32f0xx_hal_i2c_ex.o
 .text.HAL_I2CEx_DisableFastModePlus
                0x00000000       0x28 build/stm32f0xx_hal_i2c_ex.o
 .debug_info    0x00000000      0x919 build/stm32f0xx_hal_i2c_ex.o
 .debug_abbrev  0x00000000      0x1c6 build/stm32f0xx_hal_i2c_ex.o
 .debug_loc     0x00000000      0x1d2 build/stm32f0xx_hal_i2c_ex.o
 .debug_aranges
                0x00000000       0x38 build/stm32f0xx_hal_i2c_ex.o
 .debug_ranges  0x00000000       0x28 build/stm32f0xx_hal_i2c_ex.o
 .debug_line    0x00000000      0x3a1 build/stm32f0xx_hal_i2c_ex.o
 .debug_str     0x00000000      0x784 build/stm32f0xx_hal_i2c_ex.o
 .comment       0x00000000       0x4a build/stm32f0xx_hal_i2c_ex.o
 .debug_frame   0x00000000       0x78 build/stm32f0xx_hal_i2c_ex.o
 .ARM.attributes
                0x00000000       0x2c build/stm32f0xx_hal_i2c_ex.o
 .text          0x00000000       0x14 build/startup_stm32f030x6.o
 .data          0x00000000        0x0 build/startup_stm32f030x6.o
 .bss           0x00000000        0x0 build/startup_stm32f030x6.o
 .data          0x00000000        0x0 c:/program files (x86)/gnu arm embedded toolchain/10 2021.10/bin/../lib/gcc/arm-none-eabi/10.3.1/thumb/v6-m/nofp\libgcc.a(_udivsi3.o)
 .bss           0x00000000        0x0 c:/program files (x86)/gnu arm embedded toolchain/10 2021.10/bin/../lib/gcc/arm-none-eabi/10.3.1/thumb/v6-m/nofp\libgcc.a(_udivsi3.o)
 .data          0x00000000        0x0 c:/program files (x86)/gnu arm embedded toolchain/10 2021.10/bin/../lib/gcc/arm-none-eabi/10.3.1/thumb/v6-m/nofp\libgcc.a(_dvmd_tls.o)
 .bss           0x00000000        0x0 c:/program files (x86)/gnu arm embedded toolchain/10 2021.10/bin/../lib/gcc/arm-none-eabi/10.3.1/thumb/v6-m/nofp\libgcc.a(_dvmd_tls.o)
 .text          0x00000000        0x0 c:/program files (x86)/gnu arm embedded toolchain/10 2021.10/bin/../lib/gcc/arm-none-eabi/10.3.1/../../../../arm-none-eabi/lib/thumb/v6-m/nofp\libc_nano.a(lib_a-exit.o)
 .data          0x00000000        0x0 c:/program files (x86)/gnu arm embedded toolchain/10 2021.10/bin/../lib/gcc/arm-none-eabi/10.3.1/../../../../arm-none-eabi/lib/thumb/v6-m/nofp\libc_nano.a(lib_a-exit.o)
 .bss           0x00000000        0x0 c:/program files (x86)/gnu arm embedded toolchain/10 2021.10/bin/../lib/gcc/arm-none-eabi/10.3.1/../../../../arm-none-eabi/lib/thumb/v6-m/nofp\libc_nano.a(lib_a-exit.o)
 .text.exit     0x00000000       0x2c c:/program files (x86)/gnu arm embedded toolchain/10 2021.10/bin/../lib/gcc/arm-none-eabi/10.3.1/../../../../arm-none-eabi/lib/thumb/v6-m/nofp\libc_nano.a(lib_a-exit.o)
 .debug_frame   0x00000000       0x28 c:/program files (x86)/gnu arm embedded toolchain/10 2021.10/bin/../lib/gcc/arm-none-eabi/10.3.1/../../../../arm-none-eabi/lib/thumb/v6-m/nofp\libc_nano.a(lib_a-exit.o)
 .ARM.attributes
                0x00000000       0x2c c:/program files (x86)/gnu arm embedded toolchain/10 2021.10/bin/../lib/gcc/arm-none-eabi/10.3.1/../../../../arm-none-eabi/lib/thumb/v6-m/nofp\libc_nano.a(lib_a-exit.o)
 .text          0x00000000        0x0 c:/program files (x86)/gnu arm embedded toolchain/10 2021.10/bin/../lib/gcc/arm-none-eabi/10.3.1/../../../../arm-none-eabi/lib/thumb/v6-m/nofp\libc_nano.a(lib_a-impure.o)
 .data          0x00000000        0x0 c:/program files (x86)/gnu arm embedded toolchain/10 2021.10/bin/../lib/gcc/arm-none-eabi/10.3.1/../../../../arm-none-eabi/lib/thumb/v6-m/nofp\libc_nano.a(lib_a-impure.o)
 .bss           0x00000000        0x0 c:/program files (x86)/gnu arm embedded toolchain/10 2021.10/bin/../lib/gcc/arm-none-eabi/10.3.1/../../../../arm-none-eabi/lib/thumb/v6-m/nofp\libc_nano.a(lib_a-impure.o)
 .data._impure_ptr
                0x00000000        0x4 c:/program files (x86)/gnu arm embedded toolchain/10 2021.10/bin/../lib/gcc/arm-none-eabi/10.3.1/../../../../arm-none-eabi/lib/thumb/v6-m/nofp\libc_nano.a(lib_a-impure.o)
 .data.impure_data
                0x00000000       0x60 c:/program files (x86)/gnu arm embedded toolchain/10 2021.10/bin/../lib/gcc/arm-none-eabi/10.3.1/../../../../arm-none-eabi/lib/thumb/v6-m/nofp\libc_nano.a(lib_a-impure.o)
 .rodata._global_impure_ptr
                0x00000000        0x4 c:/program files (x86)/gnu arm embedded toolchain/10 2021.10/bin/../lib/gcc/arm-none-eabi/10.3.1/../../../../arm-none-eabi/lib/thumb/v6-m/nofp\libc_nano.a(lib_a-impure.o)
 .ARM.attributes
                0x00000000       0x2c c:/program files (x86)/gnu arm embedded toolchain/10 2021.10/bin/../lib/gcc/arm-none-eabi/10.3.1/../../../../arm-none-eabi/lib/thumb/v6-m/nofp\libc_nano.a(lib_a-impure.o)
 .text          0x00000000        0x0 c:/program files (x86)/gnu arm embedded toolchain/10 2021.10/bin/../lib/gcc/arm-none-eabi/10.3.1/../../../../arm-none-eabi/lib/thumb/v6-m/nofp\libc_nano.a(lib_a-init.o)
 .data          0x00000000        0x0 c:/program files (x86)/gnu arm embedded toolchain/10 2021.10/bin/../lib/gcc/arm-none-eabi/10.3.1/../../../../arm-none-eabi/lib/thumb/v6-m/nofp\libc_nano.a(lib_a-init.o)
 .bss           0x00000000        0x0 c:/program files (x86)/gnu arm embedded toolchain/10 2021.10/bin/../lib/gcc/arm-none-eabi/10.3.1/../../../../arm-none-eabi/lib/thumb/v6-m/nofp\libc_nano.a(lib_a-init.o)
 .text.__libc_init_array
                0x00000000       0x48 c:/program files (x86)/gnu arm embedded toolchain/10 2021.10/bin/../lib/gcc/arm-none-eabi/10.3.1/../../../../arm-none-eabi/lib/thumb/v6-m/nofp\libc_nano.a(lib_a-init.o)
 .debug_frame   0x00000000       0x2c c:/program files (x86)/gnu arm embedded toolchain/10 2021.10/bin/../lib/gcc/arm-none-eabi/10.3.1/../../../../arm-none-eabi/lib/thumb/v6-m/nofp\libc_nano.a(lib_a-init.o)
 .ARM.attributes
                0x00000000       0x2c c:/program files (x86)/gnu arm embedded toolchain/10 2021.10/bin/../lib/gcc/arm-none-eabi/10.3.1/../../../../arm-none-eabi/lib/thumb/v6-m/nofp\libc_nano.a(lib_a-init.o)
 .text          0x00000000        0x0 c:/program files (x86)/gnu arm embedded toolchain/10 2021.10/bin/../lib/gcc/arm-none-eabi/10.3.1/../../../../arm-none-eabi/lib/thumb/v6-m/nofp\libc_nano.a(lib_a-memset.o)
 .data          0x00000000        0x0 c:/program files (x86)/gnu arm embedded toolchain/10 2021.10/bin/../lib/gcc/arm-none-eabi/10.3.1/../../../../arm-none-eabi/lib/thumb/v6-m/nofp\libc_nano.a(lib_a-memset.o)
 .bss           0x00000000        0x0 c:/program files (x86)/gnu arm embedded toolchain/10 2021.10/bin/../lib/gcc/arm-none-eabi/10.3.1/../../../../arm-none-eabi/lib/thumb/v6-m/nofp\libc_nano.a(lib_a-memset.o)
 .text          0x00000000        0x0 c:/program files (x86)/gnu arm embedded toolchain/10 2021.10/bin/../lib/gcc/arm-none-eabi/10.3.1/thumb/v6-m/nofp/crtend.o
 .data          0x00000000        0x0 c:/program files (x86)/gnu arm embedded toolchain/10 2021.10/bin/../lib/gcc/arm-none-eabi/10.3.1/thumb/v6-m/nofp/crtend.o
 .bss           0x00000000        0x0 c:/program files (x86)/gnu arm embedded toolchain/10 2021.10/bin/../lib/gcc/arm-none-eabi/10.3.1/thumb/v6-m/nofp/crtend.o
 .rodata        0x00000000       0x24 c:/program files (x86)/gnu arm embedded toolchain/10 2021.10/bin/../lib/gcc/arm-none-eabi/10.3.1/thumb/v6-m/nofp/crtend.o
 .eh_frame      0x00000000        0x4 c:/program files (x86)/gnu arm embedded toolchain/10 2021.10/bin/../lib/gcc/arm-none-eabi/10.3.1/thumb/v6-m/nofp/crtend.o
 .ARM.attributes
                0x00000000       0x2c c:/program files (x86)/gnu arm embedded toolchain/10 2021.10/bin/../lib/gcc/arm-none-eabi/10.3.1/thumb/v6-m/nofp/crtend.o
 .text          0x00000000        0x0 c:/program files (x86)/gnu arm embedded toolchain/10 2021.10/bin/../lib/gcc/arm-none-eabi/10.3.1/thumb/v6-m/nofp/crtn.o
 .data          0x00000000        0x0 c:/program files (x86)/gnu arm embedded toolchain/10 2021.10/bin/../lib/gcc/arm-none-eabi/10.3.1/thumb/v6-m/nofp/crtn.o
 .bss           0x00000000        0x0 c:/program files (x86)/gnu arm embedded toolchain/10 2021.10/bin/../lib/gcc/arm-none-eabi/10.3.1/thumb/v6-m/nofp/crtn.o

Memory Configuration

Name             Origin             Length             Attributes
FLASH            0x08000000         0x00008000         xr
RAM              0x20000000         0x00001000         xrw
*default*        0x00000000         0xffffffff

Linker script and memory map

LOAD c:/program files (x86)/gnu arm embedded toolchain/10 2021.10/bin/../lib/gcc/arm-none-eabi/10.3.1/thumb/v6-m/nofp/crti.o
LOAD c:/program files (x86)/gnu arm embedded toolchain/10 2021.10/bin/../lib/gcc/arm-none-eabi/10.3.1/thumb/v6-m/nofp/crtbegin.o
LOAD c:/program files (x86)/gnu arm embedded toolchain/10 2021.10/bin/../lib/gcc/arm-none-eabi/10.3.1/../../../../arm-none-eabi/lib/thumb/v6-m/nofp/crt0.o
LOAD build/main.o
LOAD build/oled_sh1106.o
LOAD build/stm32f0xx_it.o
LOAD build/stm32f0xx_hal_msp.o
LOAD build/system_stm32f0xx.o
LOAD build/stm32f0xx_hal.o
LOAD build/stm32f0xx_hal_rcc.o
LOAD build/stm32f0xx_hal_rcc_ex.o
LOAD build/stm32f0xx_hal_gpio.o
LOAD build/stm32f0xx_hal_dma.o
LOAD build/stm32f0xx_hal_cortex.o
LOAD build/stm32f0xx_hal_pwr.o
LOAD build/stm32f0xx_hal_pwr_ex.o
LOAD build/stm32f0xx_hal_flash.o
LOAD build/stm32f0xx_hal_flash_ex.o
LOAD build/stm32f0xx_hal_exti.o
LOAD build/stm32f0xx_hal_i2c.o
LOAD build/stm32f0xx_hal_i2c_ex.o
LOAD build/startup_stm32f030x6.o
START GROUP
LOAD c:/program files (x86)/gnu arm embedded toolchain/10 2021.10/bin/../lib/gcc/arm-none-eabi/10.3.1/thumb/v6-m/nofp\libgcc.a
LOAD c:/program files (x86)/gnu arm embedded toolchain/10 2021.10/bin/../lib/gcc/arm-none-eabi/10.3.1/../../../../arm-none-eabi/lib/thumb/v6-m/nofp\libc_nano.a
END GROUP
START GROUP
LOAD c:/program files (x86)/gnu arm embedded toolchain/10 2021.10/bin/../lib/gcc/arm-none-eabi/10.3.1/thumb/v6-m/nofp\libgcc.a
LOAD c:/program files (x86)/gnu arm embedded toolchain/10 2021.10/bin/../lib/gcc/arm-none-eabi/10.3.1/../../../../arm-none-eabi/lib/thumb/v6-m/nofp\libc_nano.a
END GROUP
LOAD c:/program files (x86)/gnu arm embedded toolchain/10 2021.10/bin/../lib/gcc/arm-none-eabi/10.3.1/thumb/v6-m/nofp/crtend.o
LOAD c:/program files (x86)/gnu arm embedded toolchain/10 2021.10/bin/../lib/gcc/arm-none-eabi/10.3.1/thumb/v6-m/nofp/crtn.o
                0x20001000                _estack = 0x20001000
                0x00000200                _Min_Heap_Size = 0x200
                0x00000400                _Min_Stack_Size = 0x400

.isr_vector     0x08000000       0xb4
                0x08000000                . = ALIGN (0x4)
 *(.isr_vector)
 .isr_vector    0x08000000       0xb2 build/startup_stm32f030x6.o
                0x08000000                g_pfnVectors
                0x080000b0                I2C1_IRQHandler
                0x080000b0                SPI1_IRQHandler
                0x080000b0                EXTI2_3_IRQHandler
                0x080000b0                ADC1_IRQHandler
                0x080000b0                TIM17_IRQHandler
                0x080000b0                RTC_IRQHandler
                0x080000b0                TIM16_IRQHandler
                0x080000b0                TIM3_IRQHandler
                0x080000b0                EXTI4_15_IRQHandler
                0x080000b0                RCC_IRQHandler
                0x080000b0                DMA1_Channel1_IRQHandler
                0x080000b0                Default_Handler
                0x080000b0                TIM14_IRQHandler
                0x080000b0                DMA1_Channel4_5_IRQHandler
                0x080000b0                EXTI0_1_IRQHandler
                0x080000b0                WWDG_IRQHandler
                0x080000b0                DMA1_Channel2_3_IRQHandler
                0x080000b0                TIM1_CC_IRQHandler
                0x080000b0                FLASH_IRQHandler
                0x080000b0                USART1_IRQHandler
                0x080000b0                TIM1_BRK_UP_TRG_COM_IRQHandler
                0x080000b4                . = ALIGN (0x4)
 *fill*         0x080000b2        0x2 

.text           0x080000b4     0x115c
                0x080000b4                . = ALIGN (0x4)
 *(.text)
 .text          0x080000b4       0x48 c:/program files (x86)/gnu arm embedded toolchain/10 2021.10/bin/../lib/gcc/arm-none-eabi/10.3.1/thumb/v6-m/nofp/crtbegin.o
 .text          0x080000fc      0x114 c:/program files (x86)/gnu arm embedded toolchain/10 2021.10/bin/../lib/gcc/arm-none-eabi/10.3.1/thumb/v6-m/nofp\libgcc.a(_udivsi3.o)
                0x080000fc                __aeabi_uidiv
                0x080000fc                __udivsi3
                0x08000208                __aeabi_uidivmod
 .text          0x08000210        0x4 c:/program files (x86)/gnu arm embedded toolchain/10 2021.10/bin/../lib/gcc/arm-none-eabi/10.3.1/thumb/v6-m/nofp\libgcc.a(_dvmd_tls.o)
                0x08000210                __aeabi_idiv0
                0x08000210                __aeabi_ldiv0
 *(.text*)
 .text.Error_Handler
                0x08000214        0x4 build/main.o
                0x08000214                Error_Handler
 .text.SystemClock_Config
                0x08000218       0x52 build/main.o
                0x08000218                SystemClock_Config
 *fill*         0x0800026a        0x2 
 .text.main     0x0800026c      0x158 build/main.o
                0x0800026c                main
 .text.DC       0x080003c4       0x16 build/oled_sh1106.o
 .text.SPI_Byte
                0x080003da       0x3a build/oled_sh1106.o
 .text.CS       0x08000414       0x14 build/oled_sh1106.o
 .text.WriteCmd
                0x08000428       0x1e build/oled_sh1106.o
 .text.WriteData
                0x08000446       0x1e build/oled_sh1106.o
 .text.OLED_Clear
                0x08000464       0x1c build/oled_sh1106.o
                0x08000464                OLED_Clear
 .text.OLED_Refresh
                0x08000480       0x44 build/oled_sh1106.o
                0x08000480                OLED_Refresh
 .text.OLED_Init
                0x080004c4      0x100 build/oled_sh1106.o
                0x080004c4                OLED_Init
 .text.OLED_SetPixel
                0x080005c4       0x3c build/oled_sh1106.o
                0x080005c4                OLED_SetPixel
 .text.OLED_ClearRect
                0x08000600       0x4a build/oled_sh1106.o
                0x08000600                OLED_ClearRect
 .text.OLED_DrawLineH
                0x0800064a       0x30 build/oled_sh1106.o
                0x0800064a                OLED_DrawLineH
 .text.OLED_DrawLineV
                0x0800067a       0x30 build/oled_sh1106.o
                0x0800067a                OLED_DrawLineV
 .text.OLED_DrawRect
                0x080006aa       0x32 build/oled_sh1106.o
                0x080006aa                OLED_DrawRect
 .text.OLED_DrawCircle
                0x080006dc       0xbe build/oled_sh1106.o
                0x080006dc                OLED_DrawCircle
 *fill*         0x0800079a        0x2 
 .text.OLED_DrawChar
                0x0800079c       0x74 build/oled_sh1106.o
                0x0800079c                OLED_DrawChar
 .text.OLED_DrawString
                0x08000810       0x26 build/oled_sh1106.o
                0x08000810                OLED_DrawString
 .text.NMI_Handler
                0x08000836        0x2 build/stm32f0xx_it.o
                0x08000836                NMI_Handler
 .text.HardFault_Handler
                0x08000838        0x2 build/stm32f0xx_it.o
                0x08000838                HardFault_Handler
 .text.SVC_Handler
                0x0800083a        0x2 build/stm32f0xx_it.o
                0x0800083a                SVC_Handler
 .text.PendSV_Handler
                0x0800083c        0x2 build/stm32f0xx_it.o
                0x0800083c                PendSV_Handler
 .text.SysTick_Handler
                0x0800083e        0x8 build/stm32f0xx_it.o
                0x0800083e                SysTick_Handler
 *fill*         0x08000846        0x2 
 .text.HAL_MspInit
                0x08000848       0x30 build/stm32f0xx_hal_msp.o
                0x08000848                HAL_MspInit
 .text.SystemInit
                0x08000878        0x2 build/system_stm32f0xx.o
                0x08000878                SystemInit
 *fill*         0x0800087a        0x2 
 .text.HAL_InitTick
                0x0800087c       0x50 build/stm32f0xx_hal.o
                0x0800087c                HAL_InitTick
 .text.HAL_Init
                0x080008cc       0x20 build/stm32f0xx_hal.o
                0x080008cc                HAL_Init
 .text.HAL_IncTick
                0x080008ec       0x18 build/stm32f0xx_hal.o
                0x080008ec                HAL_IncTick
 .text.HAL_GetTick
                0x08000904        0xc build/stm32f0xx_hal.o
                0x08000904                HAL_GetTick
 .text.HAL_Delay
                0x08000910       0x24 build/stm32f0xx_hal.o
                0x08000910                HAL_Delay
 .text.HAL_RCC_OscConfig
                0x08000934      0x49c build/stm32f0xx_hal_rcc.o
                0x08000934                HAL_RCC_OscConfig
 .text.HAL_RCC_GetSysClockFreq
                0x08000dd0       0x54 build/stm32f0xx_hal_rcc.o
                0x08000dd0                HAL_RCC_GetSysClockFreq
 .text.HAL_RCC_ClockConfig
                0x08000e24      0x134 build/stm32f0xx_hal_rcc.o
                0x08000e24                HAL_RCC_ClockConfig
 .text.HAL_GPIO_Init
                0x08000f58      0x18c build/stm32f0xx_hal_gpio.o
                0x08000f58                HAL_GPIO_Init
 .text.HAL_GPIO_ReadPin
                0x080010e4        0xe build/stm32f0xx_hal_gpio.o
                0x080010e4                HAL_GPIO_ReadPin
 .text.HAL_GPIO_WritePin
                0x080010f2        0xc build/stm32f0xx_hal_gpio.o
                0x080010f2                HAL_GPIO_WritePin
 *fill*         0x080010fe        0x2 
 .text.HAL_NVIC_SetPriority
                0x08001100       0x60 build/stm32f0xx_hal_cortex.o
                0x08001100                HAL_NVIC_SetPriority
 .text.HAL_SYSTICK_Config
                0x08001160       0x38 build/stm32f0xx_hal_cortex.o
                0x08001160                HAL_SYSTICK_Config
 .text.Reset_Handler
                0x08001198       0x50 build/startup_stm32f030x6.o
                0x08001198                Reset_Handler
 .text.memset   0x080011e8       0x10 c:/program files (x86)/gnu arm embedded toolchain/10 2021.10/bin/../lib/gcc/arm-none-eabi/10.3.1/../../../../arm-none-eabi/lib/thumb/v6-m/nofp\libc_nano.a(lib_a-memset.o)
                0x080011e8                memset
 *(.glue_7)
 .glue_7        0x080011f8        0x0 linker stubs
 *(.glue_7t)
 .glue_7t       0x080011f8        0x0 linker stubs
 *(.eh_frame)
 .eh_frame      0x080011f8        0x0 c:/program files (x86)/gnu arm embedded toolchain/10 2021.10/bin/../lib/gcc/arm-none-eabi/10.3.1/thumb/v6-m/nofp/crtbegin.o
 *(.init)
 .init          0x080011f8        0x4 c:/program files (x86)/gnu arm embedded toolchain/10 2021.10/bin/../lib/gcc/arm-none-eabi/10.3.1/thumb/v6-m/nofp/crti.o
                0x080011f8                _init
 .init          0x080011fc        0x8 c:/program files (x86)/gnu arm embedded toolchain/10 2021.10/bin/../lib/gcc/arm-none-eabi/10.3.1/thumb/v6-m/nofp/crtn.o
 *(.fini)
 .fini          0x08001204        0x4 c:/program files (x86)/gnu arm embedded toolchain/10 2021.10/bin/../lib/gcc/arm-none-eabi/10.3.1/thumb/v6-m/nofp/crti.o
                0x08001204                _fini
 .fini          0x08001208        0x8 c:/program files (x86)/gnu arm embedded toolchain/10 2021.10/bin/../lib/gcc/arm-none-eabi/10.3.1/thumb/v6-m/nofp/crtn.o
                0x08001210                . = ALIGN (0x4)
                0x08001210                _etext = .

.vfp11_veneer   0x08001210        0x0
 .vfp11_veneer  0x08001210        0x0 linker stubs

.v4_bx          0x08001210        0x0
 .v4_bx         0x08001210        0x0 linker stubs

.iplt           0x08001210        0x0
 .iplt          0x08001210        0x0 c:/program files (x86)/gnu arm embedded toolchain/10 2021.10/bin/../lib/gcc/arm-none-eabi/10.3.1/thumb/v6-m/nofp/crtbegin.o

.rodata         0x08001210      0x1b8
                0x08001210                . = ALIGN (0x4)
 *(.rodata)
 *(.rodata*)
 .rodata.main.str1.4
                0x08001210       0x21 build/main.o
 *fill*         0x08001231        0x3 
 .rodata.font6x8
                0x08001234      0x162 build/oled_sh1106.o
 *fill*         0x08001396        0x2 
 .rodata.AHBPrescTable
                0x08001398       0x10 build/system_stm32f0xx.o
                0x08001398                AHBPrescTable
 .rodata.aPLLMULFactorTable.1
                0x080013a8       0x10 build/stm32f0xx_hal_rcc.o
 .rodata.aPredivFactorTable.0
                0x080013b8       0x10 build/stm32f0xx_hal_rcc.o
                0x080013c8                . = ALIGN (0x4)

.rel.dyn        0x080013c8        0x0
 .rel.iplt      0x080013c8        0x0 c:/program files (x86)/gnu arm embedded toolchain/10 2021.10/bin/../lib/gcc/arm-none-eabi/10.3.1/thumb/v6-m/nofp/crtbegin.o

.ARM.extab
 *(.ARM.extab* .gnu.linkonce.armextab.*)

.ARM.exidx      0x080013c8        0x0
                0x080013c8                __exidx_start = .
 *(.ARM.exidx*)
                0x080013c8                __exidx_end = .

.preinit_array  0x080013c8        0x0
                0x080013c8                PROVIDE (__preinit_array_start = .)
 *(.preinit_array*)
                0x080013c8                PROVIDE (__preinit_array_end = .)

.init_array     0x080013c8        0x4
                0x080013c8                PROVIDE (__init_array_start = .)
 *(SORT_BY_NAME(.init_array.*))
 *(.init_array*)
 .init_array    0x080013c8        0x4 c:/program files (x86)/gnu arm embedded toolchain/10 2021.10/bin/../lib/gcc/arm-none-eabi/10.3.1/thumb/v6-m/nofp/crtbegin.o
                0x080013cc                PROVIDE (__init_array_end = .)

.fini_array     0x080013cc        0x4
                [!provide]                PROVIDE (__fini_array_start = .)
 *(SORT_BY_NAME(.fini_array.*))
 *(.fini_array*)
 .fini_array    0x080013cc        0x4 c:/program files (x86)/gnu arm embedded toolchain/10 2021.10/bin/../lib/gcc/arm-none-eabi/10.3.1/thumb/v6-m/nofp/crtbegin.o
                [!provide]                PROVIDE (__fini_array_end = .)
                0x080013d0                _sidata = LOADADDR (.data)

.data           0x20000000        0xc load address 0x080013d0
                0x20000000                . = ALIGN (0x4)
                0x20000000                _sdata = .
 *(.data)
 *(.data*)
 .data.SystemCoreClock
                0x20000000        0x4 build/system_stm32f0xx.o
                0x20000000                SystemCoreClock
 .data.uwTickFreq
                0x20000004        0x1 build/stm32f0xx_hal.o
                0x20000004                uwTickFreq
 *fill*         0x20000005        0x3 
 .data.uwTickPrio
                0x20000008        0x4 build/stm32f0xx_hal.o
                0x20000008                uwTickPrio
                0x2000000c                . = ALIGN (0x4)
                0x2000000c                _edata = .

.igot.plt       0x2000000c        0x0 load address 0x080013dc
 .igot.plt      0x2000000c        0x0 c:/program files (x86)/gnu arm embedded toolchain/10 2021.10/bin/../lib/gcc/arm-none-eabi/10.3.1/thumb/v6-m/nofp/crtbegin.o

.bss            0x2000000c      0x420 load address 0x080013dc
                0x2000000c                . = ALIGN (0x4)
                0x2000000c                _sbss = .
                0x2000000c                __bss_start__ = _sbss
 *(.bss)
 .bss           0x2000000c       0x1c c:/program files (x86)/gnu arm embedded toolchain/10 2021.10/bin/../lib/gcc/arm-none-eabi/10.3.1/thumb/v6-m/nofp/crtbegin.o
 *(.bss*)
 .bss.s_fb      0x20000028      0x400 build/oled_sh1106.o
 .bss.uwTick    0x20000428        0x4 build/stm32f0xx_hal.o
                0x20000428                uwTick
 *(COMMON)
                0x2000042c                . = ALIGN (0x4)
                0x2000042c                _ebss = .
                0x2000042c                __bss_end__ = _ebss

._user_heap_stack
                0x2000042c      0x604 load address 0x080013dc
                0x20000430                . = ALIGN (0x8)
 *fill*         0x2000042c        0x4 
                [!provide]                PROVIDE (end = .)
                [!provide]                PROVIDE (_end = .)
                0x20000630                . = (. + _Min_Heap_Size)
 *fill*         0x20000430      0x200 
                0x20000a30                . = (. + _Min_Stack_Size)
 *fill*         0x20000630      0x400 
                0x20000a30                . = ALIGN (0x8)

/DISCARD/
 libc.a(*)
 libm.a(*)
 libgcc.a(*)

.ARM.attributes
                0x00000000       0x28
 *(.ARM.attributes)
 .ARM.attributes
                0x00000000       0x1e c:/program files (x86)/gnu arm embedded toolchain/10 2021.10/bin/../lib/gcc/arm-none-eabi/10.3.1/thumb/v6-m/nofp/crti.o
 .ARM.attributes
                0x0000001e       0x2c c:/program files (x86)/gnu arm embedded toolchain/10 2021.10/bin/../lib/gcc/arm-none-eabi/10.3.1/thumb/v6-m/nofp/crtbegin.o
 .ARM.attributes
                0x0000004a       0x2c build/main.o
 .ARM.attributes
                0x00000076       0x2c build/oled_sh1106.o
 .ARM.attributes
                0x000000a2       0x2c build/stm32f0xx_it.o
 .ARM.attributes
                0x000000ce       0x2c build/stm32f0xx_hal_msp.o
 .ARM.attributes
                0x000000fa       0x2c build/system_stm32f0xx.o
 .ARM.attributes
                0x00000126       0x2c build/stm32f0xx_hal.o
 .ARM.attributes
                0x00000152       0x2c build/stm32f0xx_hal_rcc.o
 .ARM.attributes
                0x0000017e       0x2c build/stm32f0xx_hal_gpio.o
 .ARM.attributes
                0x000001aa       0x2c build/stm32f0xx_hal_cortex.o
 .ARM.attributes
                0x000001d6       0x21 build/startup_stm32f030x6.o
 .ARM.attributes
                0x000001f7       0x1e c:/program files (x86)/gnu arm embedded toolchain/10 2021.10/bin/../lib/gcc/arm-none-eabi/10.3.1/thumb/v6-m/nofp\libgcc.a(_udivsi3.o)
 .ARM.attributes
                0x00000215       0x1e c:/program files (x86)/gnu arm embedded toolchain/10 2021.10/bin/../lib/gcc/arm-none-eabi/10.3.1/thumb/v6-m/nofp\libgcc.a(_dvmd_tls.o)
 .ARM.attributes
                0x00000233       0x2c c:/program files (x86)/gnu arm embedded toolchain/10 2021.10/bin/../lib/gcc/arm-none-eabi/10.3.1/../../../../arm-none-eabi/lib/thumb/v6-m/nofp\libc_nano.a(lib_a-memset.o)
 .ARM.attributes
                0x0000025f       0x1e c:/program files (x86)/gnu arm embedded toolchain/10 2021.10/bin/../lib/gcc/arm-none-eabi/10.3.1/thumb/v6-m/nofp/crtn.o
OUTPUT(build/firmware.elf elf32-littlearm)
LOAD linker stubs
LOAD c:/program files (x86)/gnu arm embedded toolchain/10 2021.10/bin/../lib/gcc/arm-none-eabi/10.3.1/../../../../arm-none-eabi/lib/thumb/v6-m/nofp\libc.a
LOAD c:/program files (x86)/gnu arm embedded toolchain/10 2021.10/bin/../lib/gcc/arm-none-eabi/10.3.1/../../../../arm-none-eabi/lib/thumb/v6-m/nofp\libm.a
LOAD c:/program files (x86)/gnu arm embedded toolchain/10 2021.10/bin/../lib/gcc/arm-none-eabi/10.3.1/thumb/v6-m/nofp\libgcc.a

.debug_info     0x00000000     0x41fd
 .debug_info    0x00000000      0x938 build/main.o
 .debug_info    0x00000938     0x10c7 build/oled_sh1106.o
 .debug_info    0x000019ff      0x103 build/stm32f0xx_it.o
 .debug_info    0x00001b02      0x1d9 build/stm32f0xx_hal_msp.o
 .debug_info    0x00001cdb      0x2bc build/system_stm32f0xx.o
 .debug_info    0x00001f97      0x7ca build/stm32f0xx_hal.o
 .debug_info    0x00002761      0xb28 build/stm32f0xx_hal_rcc.o
 .debug_info    0x00003289      0x6c0 build/stm32f0xx_hal_gpio.o
 .debug_info    0x00003949      0x88e build/stm32f0xx_hal_cortex.o
 .debug_info    0x000041d7       0x26 build/startup_stm32f030x6.o

.debug_abbrev   0x00000000     0x10a6
 .debug_abbrev  0x00000000      0x200 build/main.o
 .debug_abbrev  0x00000200      0x286 build/oled_sh1106.o
 .debug_abbrev  0x00000486       0x81 build/stm32f0xx_it.o
 .debug_abbrev  0x00000507       0xc1 build/stm32f0xx_hal_msp.o
 .debug_abbrev  0x000005c8      0x134 build/system_stm32f0xx.o
 .debug_abbrev  0x000006fc      0x249 build/stm32f0xx_hal.o
 .debug_abbrev  0x00000945      0x280 build/stm32f0xx_hal_rcc.o
 .debug_abbrev  0x00000bc5      0x222 build/stm32f0xx_hal_gpio.o
 .debug_abbrev  0x00000de7      0x2ab build/stm32f0xx_hal_cortex.o
 .debug_abbrev  0x00001092       0x14 build/startup_stm32f030x6.o

.debug_loc      0x00000000     0x2171
 .debug_loc     0x00000000       0xb1 build/main.o
 .debug_loc     0x000000b1      0xd59 build/oled_sh1106.o
 .debug_loc     0x00000e0a       0x20 build/stm32f0xx_it.o
 .debug_loc     0x00000e2a       0x20 build/stm32f0xx_hal_msp.o
 .debug_loc     0x00000e4a      0x187 build/system_stm32f0xx.o
 .debug_loc     0x00000fd1      0x1e1 build/stm32f0xx_hal.o
 .debug_loc     0x000011b2      0x72c build/stm32f0xx_hal_rcc.o
 .debug_loc     0x000018de      0x420 build/stm32f0xx_hal_gpio.o
 .debug_loc     0x00001cfe      0x473 build/stm32f0xx_hal_cortex.o

.debug_aranges  0x00000000      0x398
 .debug_aranges
                0x00000000       0x30 build/main.o
 .debug_aranges
                0x00000030       0xa0 build/oled_sh1106.o
 .debug_aranges
                0x000000d0       0x40 build/stm32f0xx_it.o
 .debug_aranges
                0x00000110       0x20 build/stm32f0xx_hal_msp.o
 .debug_aranges
                0x00000130       0x28 build/system_stm32f0xx.o
 .debug_aranges
                0x00000158       0xd0 build/stm32f0xx_hal.o
 .debug_aranges
                0x00000228       0x80 build/stm32f0xx_hal_rcc.o
 .debug_aranges
                0x000002a8       0x58 build/stm32f0xx_hal_gpio.o
 .debug_aranges
                0x00000300       0x78 build/stm32f0xx_hal_cortex.o
 .debug_aranges
                0x00000378       0x20 build/startup_stm32f030x6.o

.debug_ranges   0x00000000      0x438
 .debug_ranges  0x00000000       0x38 build/main.o
 .debug_ranges  0x00000038      0x150 build/oled_sh1106.o
 .debug_ranges  0x00000188       0x30 build/stm32f0xx_it.o
 .debug_ranges  0x000001b8       0x10 build/stm32f0xx_hal_msp.o
 .debug_ranges  0x000001c8       0x18 build/system_stm32f0xx.o
 .debug_ranges  0x000001e0       0xc0 build/stm32f0xx_hal.o
 .debug_ranges  0x000002a0       0x88 build/stm32f0xx_hal_rcc.o
 .debug_ranges  0x00000328       0x48 build/stm32f0xx_hal_gpio.o
 .debug_ranges  0x00000370       0xc8 build/stm32f0xx_hal_cortex.o

.debug_line     0x00000000     0x2d28
 .debug_line    0x00000000      0x356 build/main.o
 .debug_line    0x00000356      0x8f8 build/oled_sh1106.o
 .debug_line    0x00000c4e       0xf7 build/stm32f0xx_it.o
 .debug_line    0x00000d45      0x16e build/stm32f0xx_hal_msp.o
 .debug_line    0x00000eb3      0x227 build/system_stm32f0xx.o
 .debug_line    0x000010da      0x508 build/stm32f0xx_hal.o
 .debug_line    0x000015e2      0xb58 build/stm32f0xx_hal_rcc.o
 .debug_line    0x0000213a      0x661 build/stm32f0xx_hal_gpio.o
 .debug_line    0x0000279b      0x519 build/stm32f0xx_hal_cortex.o
 .debug_line    0x00002cb4       0x74 build/startup_stm32f030x6.o

.debug_str      0x00000000     0x1034
 .debug_str     0x00000000      0x471 build/main.o
                                0x4c3 (size before relaxing)
 .debug_str     0x00000471       0xe4 build/oled_sh1106.o
                                0x3f1 (size before relaxing)
 .debug_str     0x00000555       0x6d build/stm32f0xx_it.o
                                0x1c1 (size before relaxing)
 .debug_str     0x000005c2       0x29 build/stm32f0xx_hal_msp.o
                                0x1eb (size before relaxing)
 .debug_str     0x000005eb       0x96 build/system_stm32f0xx.o
                                0x263 (size before relaxing)
 .debug_str     0x00000681      0x419 build/stm32f0xx_hal.o
                                0x65a (size before relaxing)
 .debug_str     0x00000a9a      0x1d3 build/stm32f0xx_hal_rcc.o
                                0x647 (size before relaxing)
 .debug_str     0x00000c6d      0x104 build/stm32f0xx_hal_gpio.o
                                0x3e6 (size before relaxing)
 .debug_str     0x00000d71      0x292 build/stm32f0xx_hal_cortex.o
                                0x5a5 (size before relaxing)
 .debug_str     0x00001003       0x31 build/startup_stm32f030x6.o
                                 0x65 (size before relaxing)

.comment        0x00000000       0x49
 .comment       0x00000000       0x49 build/main.o
                                 0x4a (size before relaxing)
 .comment       0x00000049       0x4a build/oled_sh1106.o
 .comment       0x00000049       0x4a build/stm32f0xx_it.o
 .comment       0x00000049       0x4a build/stm32f0xx_hal_msp.o
 .comment       0x00000049       0x4a build/system_stm32f0xx.o
 .comment       0x00000049       0x4a build/stm32f0xx_hal.o
 .comment       0x00000049       0x4a build/stm32f0xx_hal_rcc.o
 .comment       0x00000049       0x4a build/stm32f0xx_hal_gpio.o
 .comment       0x00000049       0x4a build/stm32f0xx_hal_cortex.o

.debug_frame    0x00000000      0x7e0
 .debug_frame   0x00000000       0x60 build/main.o
 .debug_frame   0x00000060      0x1f4 build/oled_sh1106.o
 .debug_frame   0x00000254       0x68 build/stm32f0xx_it.o
 .debug_frame   0x000002bc       0x24 build/stm32f0xx_hal_msp.o
 .debug_frame   0x000002e0       0x38 build/system_stm32f0xx.o
 .debug_frame   0x00000318      0x1ac build/stm32f0xx_hal.o
 .debug_frame   0x000004c4      0x138 build/stm32f0xx_hal_rcc.o
 .debug_frame   0x000005fc       0xc0 build/stm32f0xx_hal_gpio.o
 .debug_frame   0x000006bc       0xe4 build/stm32f0xx_hal_cortex.o
 .debug_frame   0x000007a0       0x20 c:/program files (x86)/gnu arm embedded toolchain/10 2021.10/bin/../lib/gcc/arm-none-eabi/10.3.1/thumb/v6-m/nofp\libgcc.a(_udivsi3.o)
 .debug_frame   0x000007c0       0x20 c:/program files (x86)/gnu arm embedded toolchain/10 2021.10/bin/../lib/gcc/arm-none-eabi/10.3.1/../../../../arm-none-eabi/lib/thumb/v6-m/nofp\libc_nano.a(lib_a-memset.o)
